2026-02-17T11:29:21.295185Z  INFO tailwindcss_oxide::scanner: Provided sources:
2026-02-17T11:29:21.295673Z  INFO tailwindcss_oxide::scanner: Source: PublicSourceEntry { base: "C:\\Users\\N\\Antigravity\\paper-manager", pattern: "**/*", negated: false }
2026-02-17T11:29:21.296690Z  INFO tailwindcss_oxide::scanner: Optimized sources:
2026-02-17T11:29:21.296711Z  INFO tailwindcss_oxide::scanner: Source: Auto { base: "C:\\Users\\N\\Antigravity\\paper-manager" }
2026-02-17T11:29:21.302610Z  INFO scan_sources: tailwindcss_oxide::scanner: enter
2026-02-17T11:29:21.306629Z  INFO scan_sources: tailwindcss_oxide::scanner: Discovering "C:\\Users\\N\\Antigravity\\paper-manager\\app"
2026-02-17T11:29:21.307111Z  INFO scan_sources: tailwindcss_oxide::scanner: Discovering "C:\\Users\\N\\Antigravity\\paper-manager\\app\\api"
2026-02-17T11:29:21.307428Z  INFO scan_sources: tailwindcss_oxide::scanner: Discovering "C:\\Users\\N\\Antigravity\\paper-manager\\app\\api\\papers"
2026-02-17T11:29:21.307673Z  INFO scan_sources: tailwindcss_oxide::scanner: Discovering "C:\\Users\\N\\Antigravity\\paper-manager\\app\\api\\papers\\route.ts"
2026-02-17T11:29:21.308143Z  INFO scan_sources: tailwindcss_oxide::scanner: Discovering "C:\\Users\\N\\Antigravity\\paper-manager\\app\\api\\papers\\[id]"
2026-02-17T11:29:21.308422Z  INFO scan_sources: tailwindcss_oxide::scanner: Discovering "C:\\Users\\N\\Antigravity\\paper-manager\\app\\api\\papers\\[id]\\route.ts"
2026-02-17T11:29:21.308691Z  INFO scan_sources: tailwindcss_oxide::scanner: Discovering "C:\\Users\\N\\Antigravity\\paper-manager\\app\\api\\upload"
2026-02-17T11:29:21.308904Z  INFO scan_sources: tailwindcss_oxide::scanner: Discovering "C:\\Users\\N\\Antigravity\\paper-manager\\app\\api\\upload\\route.ts"
2026-02-17T11:29:21.309050Z  INFO scan_sources: tailwindcss_oxide::scanner: Discovering "C:\\Users\\N\\Antigravity\\paper-manager\\app\\globals.css"
2026-02-17T11:29:21.309131Z  INFO scan_sources: tailwindcss_oxide::scanner: Discovering "C:\\Users\\N\\Antigravity\\paper-manager\\app\\layout.tsx"
2026-02-17T11:29:21.309207Z  INFO scan_sources: tailwindcss_oxide::scanner: Discovering "C:\\Users\\N\\Antigravity\\paper-manager\\app\\page.tsx"
2026-02-17T11:29:21.309420Z  INFO scan_sources: tailwindcss_oxide::scanner: Discovering "C:\\Users\\N\\Antigravity\\paper-manager\\components"
2026-02-17T11:29:21.309637Z  INFO scan_sources: tailwindcss_oxide::scanner: Discovering "C:\\Users\\N\\Antigravity\\paper-manager\\components\\AddPaperModal.tsx"
2026-02-17T11:29:21.309720Z  INFO scan_sources: tailwindcss_oxide::scanner: Discovering "C:\\Users\\N\\Antigravity\\paper-manager\\components\\NotificationSettings.tsx"
2026-02-17T11:29:21.309796Z  INFO scan_sources: tailwindcss_oxide::scanner: Discovering "C:\\Users\\N\\Antigravity\\paper-manager\\components\\PaperCard.tsx"
2026-02-17T11:29:21.309906Z  INFO scan_sources: tailwindcss_oxide::scanner: Discovering "C:\\Users\\N\\Antigravity\\paper-manager\\eslint.config.mjs"
2026-02-17T11:29:21.310108Z  INFO scan_sources: tailwindcss_oxide::scanner: Discovering "C:\\Users\\N\\Antigravity\\paper-manager\\lib"
2026-02-17T11:29:21.310314Z  INFO scan_sources: tailwindcss_oxide::scanner: Discovering "C:\\Users\\N\\Antigravity\\paper-manager\\lib\\prisma.ts"
2026-02-17T11:29:21.310391Z  INFO scan_sources: tailwindcss_oxide::scanner: Discovering "C:\\Users\\N\\Antigravity\\paper-manager\\lib\\risParser.ts"
2026-02-17T11:29:21.310512Z  INFO scan_sources: tailwindcss_oxide::scanner: Discovering "C:\\Users\\N\\Antigravity\\paper-manager\\next.config.ts"
2026-02-17T11:29:21.310877Z  INFO scan_sources: tailwindcss_oxide::scanner: Discovering "C:\\Users\\N\\Antigravity\\paper-manager\\package.json"
2026-02-17T11:29:21.310973Z  INFO scan_sources: tailwindcss_oxide::scanner: Discovering "C:\\Users\\N\\Antigravity\\paper-manager\\postcss.config.mjs"
2026-02-17T11:29:21.311158Z  INFO scan_sources: tailwindcss_oxide::scanner: Discovering "C:\\Users\\N\\Antigravity\\paper-manager\\prisma"
2026-02-17T11:29:21.311378Z  INFO scan_sources: tailwindcss_oxide::scanner: Discovering "C:\\Users\\N\\Antigravity\\paper-manager\\prisma\\dev.db-journal"
2026-02-17T11:29:21.311603Z  INFO scan_sources: tailwindcss_oxide::scanner: Discovering "C:\\Users\\N\\Antigravity\\paper-manager\\prisma\\migrations"
2026-02-17T11:29:21.311918Z  INFO scan_sources: tailwindcss_oxide::scanner: Discovering "C:\\Users\\N\\Antigravity\\paper-manager\\prisma\\migrations\\20260217112344_init"
2026-02-17T11:29:21.312152Z  INFO scan_sources: tailwindcss_oxide::scanner: Discovering "C:\\Users\\N\\Antigravity\\paper-manager\\prisma\\migrations\\20260217112344_init\\migration.sql"
2026-02-17T11:29:21.312279Z  INFO scan_sources: tailwindcss_oxide::scanner: Discovering "C:\\Users\\N\\Antigravity\\paper-manager\\prisma\\migrations\\migration_lock.toml"
2026-02-17T11:29:21.312389Z  INFO scan_sources: tailwindcss_oxide::scanner: Discovering "C:\\Users\\N\\Antigravity\\paper-manager\\prisma\\schema.prisma"
2026-02-17T11:29:21.312607Z  INFO scan_sources: tailwindcss_oxide::scanner: Discovering "C:\\Users\\N\\Antigravity\\paper-manager\\public"
2026-02-17T11:29:21.312852Z  INFO scan_sources: tailwindcss_oxide::scanner: Discovering "C:\\Users\\N\\Antigravity\\paper-manager\\public\\file.svg"
2026-02-17T11:29:21.312955Z  INFO scan_sources: tailwindcss_oxide::scanner: Discovering "C:\\Users\\N\\Antigravity\\paper-manager\\public\\globe.svg"
2026-02-17T11:29:21.313051Z  INFO scan_sources: tailwindcss_oxide::scanner: Discovering "C:\\Users\\N\\Antigravity\\paper-manager\\public\\next.svg"
2026-02-17T11:29:21.313157Z  INFO scan_sources: tailwindcss_oxide::scanner: Discovering "C:\\Users\\N\\Antigravity\\paper-manager\\public\\vercel.svg"
2026-02-17T11:29:21.313253Z  INFO scan_sources: tailwindcss_oxide::scanner: Discovering "C:\\Users\\N\\Antigravity\\paper-manager\\public\\window.svg"
2026-02-17T11:29:21.313360Z  INFO scan_sources: tailwindcss_oxide::scanner: Discovering "C:\\Users\\N\\Antigravity\\paper-manager\\README.md"
2026-02-17T11:29:21.313437Z  INFO scan_sources: tailwindcss_oxide::scanner: Discovering "C:\\Users\\N\\Antigravity\\paper-manager\\sample.ris"
2026-02-17T11:29:21.313521Z  INFO scan_sources: tailwindcss_oxide::scanner: Discovering "C:\\Users\\N\\Antigravity\\paper-manager\\tsconfig.json"
2026-02-17T11:29:21.313703Z  INFO scan_sources: tailwindcss_oxide::scanner: Discovering "C:\\Users\\N\\Antigravity\\paper-manager\\types"
2026-02-17T11:29:21.313910Z  INFO scan_sources: tailwindcss_oxide::scanner: Discovering "C:\\Users\\N\\Antigravity\\paper-manager\\types\\index.ts"
2026-02-17T11:29:21.314050Z  INFO scan_sources: tailwindcss_oxide::scanner: exit
2026-02-17T11:29:21.314063Z  INFO extract_candidates: tailwindcss_oxide::scanner: enter
2026-02-17T11:29:21.314070Z  INFO extract_candidates:read_all_files: tailwindcss_oxide::scanner: enter
2026-02-17T11:29:21.314075Z  INFO extract_candidates:read_all_files: tailwindcss_oxide::scanner: Reading 27 file(s)
2026-02-17T11:29:21.315362Z  INFO tailwindcss_oxide::scanner: Reading "C:\\Users\\N\\Antigravity\\paper-manager\\postcss.config.mjs"
2026-02-17T11:29:21.315444Z  INFO tailwindcss_oxide::scanner: Reading "C:\\Users\\N\\Antigravity\\paper-manager\\lib\\prisma.ts"
2026-02-17T11:29:21.315469Z  INFO tailwindcss_oxide::scanner: Reading "C:\\Users\\N\\Antigravity\\paper-manager\\components\\PaperCard.tsx"
2026-02-17T11:29:21.315475Z  INFO tailwindcss_oxide::scanner: Reading "C:\\Users\\N\\Antigravity\\paper-manager\\app\\layout.tsx"
2026-02-17T11:29:21.315509Z  INFO tailwindcss_oxide::scanner: Reading "C:\\Users\\N\\Antigravity\\paper-manager\\next.config.ts"
2026-02-17T11:29:21.315458Z  INFO tailwindcss_oxide::scanner: Reading "C:\\Users\\N\\Antigravity\\paper-manager\\components\\NotificationSettings.tsx"
2026-02-17T11:29:21.315463Z  INFO tailwindcss_oxide::scanner: Reading "C:\\Users\\N\\Antigravity\\paper-manager\\app\\page.tsx"
2026-02-17T11:29:21.315374Z  INFO tailwindcss_oxide::scanner: Reading "C:\\Users\\N\\Antigravity\\paper-manager\\app\\api\\papers\\route.ts"
2026-02-17T11:29:21.315582Z  INFO tailwindcss_oxide::scanner: Reading "C:\\Users\\N\\Antigravity\\paper-manager\\prisma\\dev.db-journal"
2026-02-17T11:29:21.315674Z  INFO tailwindcss_oxide::scanner: Reading "C:\\Users\\N\\Antigravity\\paper-manager\\README.md"
2026-02-17T11:29:21.315505Z  INFO tailwindcss_oxide::scanner: Reading "C:\\Users\\N\\Antigravity\\paper-manager\\app\\api\\upload\\route.ts"
2026-02-17T11:29:21.315764Z  INFO tailwindcss_oxide::scanner: Reading "C:\\Users\\N\\Antigravity\\paper-manager\\lib\\risParser.ts"
2026-02-17T11:29:21.315562Z  INFO tailwindcss_oxide::scanner: Reading "C:\\Users\\N\\Antigravity\\paper-manager\\public\\next.svg"
2026-02-17T11:29:21.315476Z  INFO tailwindcss_oxide::scanner: Reading "C:\\Users\\N\\Antigravity\\paper-manager\\app\\api\\papers\\[id]\\route.ts"
2026-02-17T11:29:21.315916Z  INFO tailwindcss_oxide::scanner: Reading "C:\\Users\\N\\Antigravity\\paper-manager\\eslint.config.mjs"
2026-02-17T11:29:21.315858Z  INFO tailwindcss_oxide::scanner: Reading "C:\\Users\\N\\Antigravity\\paper-manager\\tsconfig.json"
2026-02-17T11:29:21.315947Z  INFO tailwindcss_oxide::scanner: Reading "C:\\Users\\N\\Antigravity\\paper-manager\\public\\vercel.svg"
2026-02-17T11:29:21.315961Z  INFO tailwindcss_oxide::scanner: Reading "C:\\Users\\N\\Antigravity\\paper-manager\\types\\index.ts"
2026-02-17T11:29:21.315986Z  INFO tailwindcss_oxide::scanner: Reading "C:\\Users\\N\\Antigravity\\paper-manager\\prisma\\migrations\\migration_lock.toml"
2026-02-17T11:29:21.315869Z  INFO tailwindcss_oxide::scanner: Reading "C:\\Users\\N\\Antigravity\\paper-manager\\components\\AddPaperModal.tsx"
2026-02-17T11:29:21.316026Z  INFO tailwindcss_oxide::scanner: Reading "C:\\Users\\N\\Antigravity\\paper-manager\\sample.ris"
2026-02-17T11:29:21.316078Z  INFO tailwindcss_oxide::scanner: Reading "C:\\Users\\N\\Antigravity\\paper-manager\\package.json"
2026-02-17T11:29:21.316100Z  INFO tailwindcss_oxide::scanner: Reading "C:\\Users\\N\\Antigravity\\paper-manager\\public\\file.svg"
2026-02-17T11:29:21.316130Z  INFO tailwindcss_oxide::scanner: Reading "C:\\Users\\N\\Antigravity\\paper-manager\\prisma\\migrations\\20260217112344_init\\migration.sql"
2026-02-17T11:29:21.316135Z  INFO tailwindcss_oxide::scanner: Reading "C:\\Users\\N\\Antigravity\\paper-manager\\prisma\\schema.prisma"
2026-02-17T11:29:21.316154Z  INFO tailwindcss_oxide::scanner: Reading "C:\\Users\\N\\Antigravity\\paper-manager\\public\\window.svg"
2026-02-17T11:29:21.316330Z  INFO tailwindcss_oxide::scanner: Reading "C:\\Users\\N\\Antigravity\\paper-manager\\public\\globe.svg"
2026-02-17T11:29:21.316426Z  INFO extract_candidates:read_all_files: tailwindcss_oxide::scanner: exit
2026-02-17T11:29:21.316444Z  INFO extract_candidates:parse_all_blobs: tailwindcss_oxide::scanner: enter
2026-02-17T11:29:21.316449Z  INFO extract_candidates:parse_all_blobs:extract: tailwindcss_oxide::scanner: enter
2026-02-17T11:29:21.317199Z  INFO extract_candidates:parse_all_blobs:extract: tailwindcss_oxide::scanner: exit
2026-02-17T11:29:21.317221Z  INFO extract_candidates:parse_all_blobs: tailwindcss_oxide::scanner: exit
2026-02-17T11:29:21.317228Z  INFO extract_candidates:read_all_files: tailwindcss_oxide::scanner: enter
2026-02-17T11:29:21.317234Z  INFO extract_candidates:read_all_files: tailwindcss_oxide::scanner: Reading 1 file(s)
2026-02-17T11:29:21.317389Z  INFO extract_candidates:read_all_files: tailwindcss_oxide::scanner: Reading "C:\\Users\\N\\Antigravity\\paper-manager\\app\\globals.css"
2026-02-17T11:29:21.317402Z  INFO extract_candidates:read_all_files: tailwindcss_oxide::scanner: exit
2026-02-17T11:29:21.317412Z  INFO extract_candidates:extract_css_variables: tailwindcss_oxide::scanner: enter
2026-02-17T11:29:21.317417Z  INFO extract_candidates:extract_css_variables:extract: tailwindcss_oxide::scanner: enter
2026-02-17T11:29:21.317546Z  INFO extract_candidates:extract_css_variables:extract: tailwindcss_oxide::scanner: exit
2026-02-17T11:29:21.317560Z  INFO extract_candidates:extract_css_variables: tailwindcss_oxide::scanner: exit
2026-02-17T11:29:21.318080Z  INFO extract_candidates: tailwindcss_oxide::scanner: exit
2026-02-17T11:29:21.318614Z  INFO get_files: tailwindcss_oxide::scanner: enter
2026-02-17T11:29:21.318628Z  INFO get_files:scan_sources: tailwindcss_oxide::scanner: enter
2026-02-17T11:29:21.321107Z  INFO get_files:scan_sources: tailwindcss_oxide::scanner: Discovering "C:\\Users\\N\\Antigravity\\paper-manager\\app"
2026-02-17T11:29:21.321647Z  INFO get_files:scan_sources: tailwindcss_oxide::scanner: Discovering "C:\\Users\\N\\Antigravity\\paper-manager\\app\\api"
2026-02-17T11:29:21.322009Z  INFO get_files:scan_sources: tailwindcss_oxide::scanner: Discovering "C:\\Users\\N\\Antigravity\\paper-manager\\app\\api\\papers"
2026-02-17T11:29:21.322409Z  INFO get_files:scan_sources: tailwindcss_oxide::scanner: Discovering "C:\\Users\\N\\Antigravity\\paper-manager\\app\\api\\papers\\[id]"
2026-02-17T11:29:21.322817Z  INFO get_files:scan_sources: tailwindcss_oxide::scanner: Discovering "C:\\Users\\N\\Antigravity\\paper-manager\\app\\api\\upload"
2026-02-17T11:29:21.323428Z  INFO get_files:scan_sources: tailwindcss_oxide::scanner: Discovering "C:\\Users\\N\\Antigravity\\paper-manager\\components"
2026-02-17T11:29:21.323947Z  INFO get_files:scan_sources: tailwindcss_oxide::scanner: Discovering "C:\\Users\\N\\Antigravity\\paper-manager\\lib"
2026-02-17T11:29:21.325034Z  INFO get_files:scan_sources: tailwindcss_oxide::scanner: Discovering "C:\\Users\\N\\Antigravity\\paper-manager\\prisma"
2026-02-17T11:29:21.325434Z  INFO get_files:scan_sources: tailwindcss_oxide::scanner: Discovering "C:\\Users\\N\\Antigravity\\paper-manager\\prisma\\migrations"
2026-02-17T11:29:21.325765Z  INFO get_files:scan_sources: tailwindcss_oxide::scanner: Discovering "C:\\Users\\N\\Antigravity\\paper-manager\\prisma\\migrations\\20260217112344_init"
2026-02-17T11:29:21.326286Z  INFO get_files:scan_sources: tailwindcss_oxide::scanner: Discovering "C:\\Users\\N\\Antigravity\\paper-manager\\public"
2026-02-17T11:29:21.326936Z  INFO get_files:scan_sources: tailwindcss_oxide::scanner: Discovering "C:\\Users\\N\\Antigravity\\paper-manager\\types"
2026-02-17T11:29:21.327248Z  INFO get_files:scan_sources: tailwindcss_oxide::scanner: exit
2026-02-17T11:29:21.327386Z  INFO get_files: tailwindcss_oxide::scanner: exit
2026-02-17T11:29:21.327815Z  INFO get_globs: tailwindcss_oxide::scanner: enter
2026-02-17T11:29:21.327828Z  INFO get_globs:scan_sources: tailwindcss_oxide::scanner: enter
2026-02-17T11:29:21.330172Z  INFO get_globs:scan_sources: tailwindcss_oxide::scanner: Discovering "C:\\Users\\N\\Antigravity\\paper-manager\\app"
2026-02-17T11:29:21.330483Z  INFO get_globs:scan_sources: tailwindcss_oxide::scanner: Discovering "C:\\Users\\N\\Antigravity\\paper-manager\\app\\api"
2026-02-17T11:29:21.330789Z  INFO get_globs:scan_sources: tailwindcss_oxide::scanner: Discovering "C:\\Users\\N\\Antigravity\\paper-manager\\app\\api\\papers"
2026-02-17T11:29:21.331164Z  INFO get_globs:scan_sources: tailwindcss_oxide::scanner: Discovering "C:\\Users\\N\\Antigravity\\paper-manager\\app\\api\\papers\\[id]"
2026-02-17T11:29:21.331561Z  INFO get_globs:scan_sources: tailwindcss_oxide::scanner: Discovering "C:\\Users\\N\\Antigravity\\paper-manager\\app\\api\\upload"
2026-02-17T11:29:21.332107Z  INFO get_globs:scan_sources: tailwindcss_oxide::scanner: Discovering "C:\\Users\\N\\Antigravity\\paper-manager\\components"
2026-02-17T11:29:21.332600Z  INFO get_globs:scan_sources: tailwindcss_oxide::scanner: Discovering "C:\\Users\\N\\Antigravity\\paper-manager\\lib"
2026-02-17T11:29:21.333475Z  INFO get_globs:scan_sources: tailwindcss_oxide::scanner: Discovering "C:\\Users\\N\\Antigravity\\paper-manager\\prisma"
2026-02-17T11:29:21.333833Z  INFO get_globs:scan_sources: tailwindcss_oxide::scanner: Discovering "C:\\Users\\N\\Antigravity\\paper-manager\\prisma\\migrations"
2026-02-17T11:29:21.334142Z  INFO get_globs:scan_sources: tailwindcss_oxide::scanner: Discovering "C:\\Users\\N\\Antigravity\\paper-manager\\prisma\\migrations\\20260217112344_init"
2026-02-17T11:29:21.334653Z  INFO get_globs:scan_sources: tailwindcss_oxide::scanner: Discovering "C:\\Users\\N\\Antigravity\\paper-manager\\public"
2026-02-17T11:29:21.335480Z  INFO get_globs:scan_sources: tailwindcss_oxide::scanner: Discovering "C:\\Users\\N\\Antigravity\\paper-manager\\types"
2026-02-17T11:29:21.335819Z  INFO get_globs:scan_sources: tailwindcss_oxide::scanner: exit
2026-02-17T11:29:21.342194Z  INFO get_globs: tailwindcss_oxide::scanner: exit
